[0m09:33:45.740068 [debug] [MainThread]: Sending event: {'category': 'dbt', 'action': 'invocation', 'label': 'start', 'context': [<snowplow_tracker.self_describing_json.SelfDescribingJson object at 0x71e6eb150980>, <snowplow_tracker.self_describing_json.SelfDescribingJson object at 0x71e6ed040910>, <snowplow_tracker.self_describing_json.SelfDescribingJson object at 0x71e6e9bbfed0>]}


============================== 09:33:45.742598 | 343cd260-fd0b-4a3d-98a0-ac5637a104df ==============================
[0m09:33:45.742598 [info ] [MainThread]: Running with dbt=1.12.0
[0m09:33:45.742980 [debug] [MainThread]: running dbt with arguments {'profiles_dir': '/home/marilia/.dbt', 'log_cache_events': 'False', 'use_colors': 'True', 'indirect_selection': 'eager', 'printer_width': '80', 'log_path': 'logs', 'invocation_command': 'dbt init absenteismo_dbt', 'send_anonymous_usage_stats': 'True', 'cache_selected_only': 'False', 'hints_enabled': 'True', 'maximum_seed_size_mib': '1', 'debug': 'False', 'quiet': 'False', 'static_parser': 'True', 'introspect': 'True', 'target_path': 'None', 'fail_fast': 'False', 'partial_parse': 'True', 'warn_error_options': 'WarnErrorOptionsV2(error=[], warn=[], silence=[])', 'no_print': 'None', 'write_json': 'True', 'warn_error': 'None', 'use_experimental_parser': 'False', 'version_check': 'True', 'log_format': 'default', 'empty': 'None'}
[0m09:33:45.748560 [info ] [MainThread]: Creating dbt configuration folder at /home/marilia/.dbt
[0m09:33:45.749572 [debug] [MainThread]: Starter project path: /home/marilia/projetos/absenteismo/venv/lib/python3.14/site-packages/dbt/include/starter_project
[0m09:33:45.751535 [info ] [MainThread]: Setting up your profile.
[0m09:34:52.769888 [info ] [MainThread]: Profile absenteismo_dbt written to /home/marilia/.dbt/profiles.yml using target's profile_template.yml and your supplied values.
[0m09:34:52.772032 [info ] [MainThread]: Running dbt debug to validate the project...
[0m09:34:52.772933 [info ] [MainThread]: dbt version: 1.12.0
[0m09:34:52.773349 [info ] [MainThread]: python version: 3.14.4
[0m09:34:52.773584 [info ] [MainThread]: python path: /home/marilia/projetos/absenteismo/venv/bin/python3
[0m09:34:52.773769 [info ] [MainThread]: os info: Linux-6.18.33.2-microsoft-standard-WSL2-x86_64-with-glibc2.43
[0m09:34:52.794845 [info ] [MainThread]: Using profiles dir at /home/marilia/.dbt
[0m09:34:52.795218 [info ] [MainThread]: Using profiles.yml file at /home/marilia/.dbt/profiles.yml
[0m09:34:52.795529 [info ] [MainThread]: Using dbt_project.yml file at /home/marilia/projetos/absenteismo/absenteismo_dbt/dbt_project.yml
[0m09:34:52.795972 [info ] [MainThread]: adapter type: postgres
[0m09:34:52.796220 [info ] [MainThread]: adapter version: 1.11.0
[0m09:34:52.867722 [info ] [MainThread]: Configuration:
[0m09:34:52.868064 [info ] [MainThread]:   profiles.yml file [[32mOK found and valid[0m]
[0m09:34:52.868341 [info ] [MainThread]:   dbt_project.yml file [[32mOK found and valid[0m]
[0m09:34:52.868616 [info ] [MainThread]: Required dependencies:
[0m09:34:52.868922 [debug] [MainThread]: Executing "git --help"
[0m09:34:52.870446 [debug] [MainThread]: STDOUT: "b"usage: git [-v | --version] [-h | --help] [-C <path>] [-c <name>=<value>]\n           [--exec-path[=<path>]] [--html-path] [--man-path] [--info-path]\n           [-p | --paginate | -P | --no-pager] [--no-replace-objects] [--no-lazy-fetch]\n           [--no-optional-locks] [--no-advice] [--bare] [--git-dir=<path>]\n           [--work-tree=<path>] [--namespace=<name>] [--config-env=<name>=<envvar>]\n           <command> [<args>]\n\nThese are common Git commands used in various situations:\n\nstart a working area (see also: git help tutorial)\n   clone      Clone a repository into a new directory\n   init       Create an empty Git repository or reinitialize an existing one\n\nwork on the current change (see also: git help everyday)\n   add        Add file contents to the index\n   mv         Move or rename a file, a directory, or a symlink\n   restore    Restore working tree files\n   rm         Remove files from the working tree and from the index\n\nexamine the history and state (see also: git help revisions)\n   bisect     Use binary search to find the commit that introduced a bug\n   diff       Show changes between commits, commit and working tree, etc\n   grep       Print lines matching a pattern\n   log        Show commit logs\n   show       Show various types of objects\n   status     Show the working tree status\n\ngrow, mark and tweak your common history\n   backfill   Download missing objects in a partial clone\n   branch     List, create, or delete branches\n   commit     Record changes to the repository\n   merge      Join two or more development histories together\n   rebase     Reapply commits on top of another base tip\n   reset      Set `HEAD` or the index to a known state\n   switch     Switch branches\n   tag        Create, list, delete or verify tags\n\ncollaborate (see also: git help workflows)\n   fetch      Download objects and refs from another repository\n   pull       Fetch from and integrate with another repository or a local branch\n   push       Update remote refs along with associated objects\n\n'git help -a' and 'git help -g' list available subcommands and some\nconcept guides. See 'git help <command>' or 'git help <concept>'\nto read about a specific subcommand or concept.\nSee 'git help git' for an overview of the system.\n""
[0m09:34:52.870702 [debug] [MainThread]: STDERR: "b''"
[0m09:34:52.870857 [info ] [MainThread]:  - git [[32mOK found[0m]

[0m09:34:52.871046 [info ] [MainThread]: Connection:
[0m09:34:52.871258 [info ] [MainThread]:   host: localhost
[0m09:34:52.871474 [info ] [MainThread]:   port: 5433
[0m09:34:52.871671 [info ] [MainThread]:   user: dbt_user
[0m09:34:52.871852 [info ] [MainThread]:   database: absenteismo
[0m09:34:52.872050 [info ] [MainThread]:   schema: dbt_marilia
[0m09:34:52.872321 [info ] [MainThread]:   connect_timeout: 10
[0m09:34:52.872503 [info ] [MainThread]:   role: None
[0m09:34:52.872690 [info ] [MainThread]:   search_path: None
[0m09:34:52.872864 [info ] [MainThread]:   keepalives_idle: 0
[0m09:34:52.873039 [info ] [MainThread]:   sslmode: None
[0m09:34:52.873215 [info ] [MainThread]:   sslcert: None
[0m09:34:52.873387 [info ] [MainThread]:   sslkey: None
[0m09:34:52.873564 [info ] [MainThread]:   sslrootcert: None
[0m09:34:52.873733 [info ] [MainThread]:   application_name: dbt
[0m09:34:52.873914 [info ] [MainThread]:   autocommit: False
[0m09:34:52.874109 [info ] [MainThread]:   retries: 1
[0m09:34:52.874427 [info ] [MainThread]: Registered adapter: postgres=1.11.0
[0m09:34:52.910346 [debug] [MainThread]: Acquiring new postgres connection 'debug'
[0m09:34:52.925141 [debug] [MainThread]: Using postgres connection "debug"
[0m09:34:52.925402 [debug] [MainThread]: On debug: select 1 as id
[0m09:34:52.925563 [debug] [MainThread]: Opening a new connection, currently in state init
[0m09:34:52.939244 [debug] [MainThread]: Postgres adapter: Got a retryable error when attempting to open a postgres connection.
1 attempts remaining. Retrying in 0 seconds.
Error:
connection to server at "localhost" (127.0.0.1), port 5433 failed: FATAL:  database "absenteismo" does not exist

[0m09:34:52.944976 [debug] [MainThread]: Postgres adapter: Error running SQL: select 1 as id
[0m09:34:52.945257 [debug] [MainThread]: Postgres adapter: Rolling back transaction.
[0m09:34:52.945479 [debug] [MainThread]: On debug: No close available on handle
[0m09:34:52.945684 [info ] [MainThread]:   Connection test: [[31mERROR[0m]

[0m09:34:52.945977 [info ] [MainThread]: [31m1 check failed:[0m
[0m09:34:52.946242 [info ] [MainThread]: dbt was unable to connect to the specified database.
The database returned the following error:

  >Database Error
  connection to server at "localhost" (127.0.0.1), port 5433 failed: FATAL:  database "absenteismo" does not exist
  

Check your database credentials and try again. For more information, visit:
https://docs.getdbt.com/docs/configure-your-profile


[0m09:34:52.946593 [info ] [MainThread]: Your new dbt project "absenteismo_dbt" was created!
Initialized new project in /home/marilia/projetos/absenteismo/absenteismo_dbt/absenteismo_dbt

For more information on how to configure the profiles.yml file,
please consult the dbt documentation here:

  https://docs.getdbt.com/docs/configure-your-profile

One more thing:

Need help? Don't hesitate to reach out to us via GitHub issues or on Slack:

  https://community.getdbt.com/

Happy modeling!

[0m09:34:52.946854 [info ] [MainThread]: [31mYour profile may need adjustments. You can find the logs of `dbt debug` above[0m
[0m09:34:52.947686 [debug] [MainThread]: Resource report: {"command_name": "init", "command_success": true, "command_wall_clock_time": 67.26814, "process_in_blocks": "112", "process_kernel_time": 0.112492, "process_mem_max_rss": "139484", "process_out_blocks": "96", "process_user_time": 1.072698}
[0m09:34:52.947982 [debug] [MainThread]: Command `dbt init` succeeded at 09:34:52.947916 after 67.27 seconds
[0m09:34:52.948204 [debug] [MainThread]: Connection 'debug' was properly closed.
[0m09:34:52.948424 [debug] [MainThread]: Sending event: {'category': 'dbt', 'action': 'invocation', 'label': 'end', 'context': [<snowplow_tracker.self_describing_json.SelfDescribingJson object at 0x71e6e9e01f30>, <snowplow_tracker.self_describing_json.SelfDescribingJson object at 0x71e6e8d984d0>, <snowplow_tracker.self_describing_json.SelfDescribingJson object at 0x71e6e8d719d0>]}
[0m09:34:52.948676 [debug] [MainThread]: Flushing usage events
[0m09:34:53.518203 [debug] [MainThread]: An error was encountered while trying to flush usage events
[0m09:35:53.845820 [debug] [MainThread]: Sending event: {'category': 'dbt', 'action': 'invocation', 'label': 'start', 'context': [<snowplow_tracker.self_describing_json.SelfDescribingJson object at 0x7e7d98668980>, <snowplow_tracker.self_describing_json.SelfDescribingJson object at 0x7e7d9a548910>, <snowplow_tracker.self_describing_json.SelfDescribingJson object at 0x7e7d970d7ed0>]}


============================== 09:35:53.848536 | 9cf54639-e0ff-45b4-9ade-ee087ed0d7a8 ==============================
[0m09:35:53.848536 [info ] [MainThread]: Running with dbt=1.12.0
[0m09:35:53.848951 [debug] [MainThread]: running dbt with arguments {'partial_parse': 'True', 'write_json': 'True', 'static_parser': 'True', 'target_path': 'None', 'use_experimental_parser': 'False', 'warn_error': 'None', 'maximum_seed_size_mib': '1', 'introspect': 'True', 'warn_error_options': 'WarnErrorOptionsV2(error=[], warn=[], silence=[])', 'send_anonymous_usage_stats': 'True', 'hints_enabled': 'True', 'cache_selected_only': 'False', 'invocation_command': 'dbt init absenteismo_dbt', 'no_print': 'None', 'version_check': 'True', 'fail_fast': 'False', 'printer_width': '80', 'quiet': 'False', 'log_format': 'default', 'debug': 'False', 'indirect_selection': 'eager', 'use_colors': 'True', 'log_cache_events': 'False', 'log_path': 'logs', 'profiles_dir': '/home/marilia/.dbt', 'empty': 'None'}
[0m09:35:53.855011 [info ] [MainThread]: A project called absenteismo_dbt already exists here.
[0m09:35:53.855735 [debug] [MainThread]: Resource report: {"command_name": "init", "command_success": true, "command_wall_clock_time": 0.07306305, "process_in_blocks": "0", "process_kernel_time": 0.096393, "process_mem_max_rss": "121512", "process_out_blocks": "16", "process_user_time": 0.95189}
[0m09:35:53.856028 [debug] [MainThread]: Command `dbt init` succeeded at 09:35:53.855961 after 0.07 seconds
[0m09:35:53.856301 [debug] [MainThread]: Sending event: {'category': 'dbt', 'action': 'invocation', 'label': 'end', 'context': [<snowplow_tracker.self_describing_json.SelfDescribingJson object at 0x7e7d97319f30>, <snowplow_tracker.self_describing_json.SelfDescribingJson object at 0x7e7d96f35370>, <snowplow_tracker.self_describing_json.SelfDescribingJson object at 0x7e7d97117df0>]}
[0m09:35:53.856534 [debug] [MainThread]: Flushing usage events
[0m09:35:54.433449 [debug] [MainThread]: An error was encountered while trying to flush usage events
[0m09:40:43.358596 [debug] [MainThread]: Sending event: {'category': 'dbt', 'action': 'invocation', 'label': 'start', 'context': [<snowplow_tracker.self_describing_json.SelfDescribingJson object at 0x751ddcf64980>, <snowplow_tracker.self_describing_json.SelfDescribingJson object at 0x751ddee54910>, <snowplow_tracker.self_describing_json.SelfDescribingJson object at 0x751ddb9d3ed0>]}


============================== 09:40:43.362372 | ec44d624-85b8-489c-b079-104d317bd468 ==============================
[0m09:40:43.362372 [info ] [MainThread]: Running with dbt=1.12.0
[0m09:40:43.362778 [debug] [MainThread]: running dbt with arguments {'invocation_command': 'dbt init absenteismo_dbt', 'indirect_selection': 'eager', 'send_anonymous_usage_stats': 'True', 'warn_error': 'None', 'log_path': 'logs', 'cache_selected_only': 'False', 'printer_width': '80', 'target_path': 'None', 'write_json': 'True', 'log_cache_events': 'False', 'debug': 'False', 'partial_parse': 'True', 'introspect': 'True', 'static_parser': 'True', 'version_check': 'True', 'fail_fast': 'False', 'use_colors': 'True', 'no_print': 'None', 'warn_error_options': 'WarnErrorOptionsV2(error=[], warn=[], silence=[])', 'hints_enabled': 'True', 'quiet': 'False', 'empty': 'None', 'profiles_dir': '/home/marilia/.dbt', 'use_experimental_parser': 'False', 'log_format': 'default', 'maximum_seed_size_mib': '1'}
[0m09:40:43.378940 [debug] [MainThread]: Starter project path: /home/marilia/projetos/absenteismo/venv/lib/python3.14/site-packages/dbt/include/starter_project
[0m09:40:43.384727 [info ] [MainThread]: Setting up your profile.
[0m09:42:01.010173 [info ] [MainThread]: Profile absenteismo_dbt written to /home/marilia/.dbt/profiles.yml using target's profile_template.yml and your supplied values.
[0m09:42:01.012837 [info ] [MainThread]: Running dbt debug to validate the project...
[0m09:42:01.013481 [info ] [MainThread]: dbt version: 1.12.0
[0m09:42:01.013750 [info ] [MainThread]: python version: 3.14.4
[0m09:42:01.014085 [info ] [MainThread]: python path: /home/marilia/projetos/absenteismo/venv/bin/python3
[0m09:42:01.014347 [info ] [MainThread]: os info: Linux-6.18.33.2-microsoft-standard-WSL2-x86_64-with-glibc2.43
[0m09:42:01.040003 [info ] [MainThread]: Using profiles dir at /home/marilia/.dbt
[0m09:42:01.040515 [info ] [MainThread]: Using profiles.yml file at /home/marilia/.dbt/profiles.yml
[0m09:42:01.040791 [info ] [MainThread]: Using dbt_project.yml file at /home/marilia/projetos/absenteismo/absenteismo_dbt/dbt_project.yml
[0m09:42:01.041585 [info ] [MainThread]: adapter type: postgres
[0m09:42:01.041817 [info ] [MainThread]: adapter version: 1.11.0
[0m09:42:01.115601 [info ] [MainThread]: Configuration:
[0m09:42:01.115959 [info ] [MainThread]:   profiles.yml file [[32mOK found and valid[0m]
[0m09:42:01.116233 [info ] [MainThread]:   dbt_project.yml file [[32mOK found and valid[0m]
[0m09:42:01.116466 [info ] [MainThread]: Required dependencies:
[0m09:42:01.116723 [debug] [MainThread]: Executing "git --help"
[0m09:42:01.122219 [debug] [MainThread]: STDOUT: "b"usage: git [-v | --version] [-h | --help] [-C <path>] [-c <name>=<value>]\n           [--exec-path[=<path>]] [--html-path] [--man-path] [--info-path]\n           [-p | --paginate | -P | --no-pager] [--no-replace-objects] [--no-lazy-fetch]\n           [--no-optional-locks] [--no-advice] [--bare] [--git-dir=<path>]\n           [--work-tree=<path>] [--namespace=<name>] [--config-env=<name>=<envvar>]\n           <command> [<args>]\n\nThese are common Git commands used in various situations:\n\nstart a working area (see also: git help tutorial)\n   clone      Clone a repository into a new directory\n   init       Create an empty Git repository or reinitialize an existing one\n\nwork on the current change (see also: git help everyday)\n   add        Add file contents to the index\n   mv         Move or rename a file, a directory, or a symlink\n   restore    Restore working tree files\n   rm         Remove files from the working tree and from the index\n\nexamine the history and state (see also: git help revisions)\n   bisect     Use binary search to find the commit that introduced a bug\n   diff       Show changes between commits, commit and working tree, etc\n   grep       Print lines matching a pattern\n   log        Show commit logs\n   show       Show various types of objects\n   status     Show the working tree status\n\ngrow, mark and tweak your common history\n   backfill   Download missing objects in a partial clone\n   branch     List, create, or delete branches\n   commit     Record changes to the repository\n   merge      Join two or more development histories together\n   rebase     Reapply commits on top of another base tip\n   reset      Set `HEAD` or the index to a known state\n   switch     Switch branches\n   tag        Create, list, delete or verify tags\n\ncollaborate (see also: git help workflows)\n   fetch      Download objects and refs from another repository\n   pull       Fetch from and integrate with another repository or a local branch\n   push       Update remote refs along with associated objects\n\n'git help -a' and 'git help -g' list available subcommands and some\nconcept guides. See 'git help <command>' or 'git help <concept>'\nto read about a specific subcommand or concept.\nSee 'git help git' for an overview of the system.\n""
[0m09:42:01.122508 [debug] [MainThread]: STDERR: "b''"
[0m09:42:01.122663 [info ] [MainThread]:  - git [[32mOK found[0m]

[0m09:42:01.122852 [info ] [MainThread]: Connection:
[0m09:42:01.123135 [info ] [MainThread]:   host: localhost
[0m09:42:01.123415 [info ] [MainThread]:   port: 5433
[0m09:42:01.123622 [info ] [MainThread]:   user: dbt_user
[0m09:42:01.123814 [info ] [MainThread]:   database: absenteeismo
[0m09:42:01.124005 [info ] [MainThread]:   schema: dbt_marilia
[0m09:42:01.124259 [info ] [MainThread]:   connect_timeout: 10
[0m09:42:01.124444 [info ] [MainThread]:   role: None
[0m09:42:01.124624 [info ] [MainThread]:   search_path: None
[0m09:42:01.124823 [info ] [MainThread]:   keepalives_idle: 0
[0m09:42:01.125010 [info ] [MainThread]:   sslmode: None
[0m09:42:01.125215 [info ] [MainThread]:   sslcert: None
[0m09:42:01.125390 [info ] [MainThread]:   sslkey: None
[0m09:42:01.125598 [info ] [MainThread]:   sslrootcert: None
[0m09:42:01.125825 [info ] [MainThread]:   application_name: dbt
[0m09:42:01.126013 [info ] [MainThread]:   autocommit: False
[0m09:42:01.126201 [info ] [MainThread]:   retries: 1
[0m09:42:01.126556 [info ] [MainThread]: Registered adapter: postgres=1.11.0
[0m09:42:01.168362 [debug] [MainThread]: Acquiring new postgres connection 'debug'
[0m09:42:01.188556 [debug] [MainThread]: Using postgres connection "debug"
[0m09:42:01.188826 [debug] [MainThread]: On debug: select 1 as id
[0m09:42:01.188983 [debug] [MainThread]: Opening a new connection, currently in state init
[0m09:42:01.199800 [debug] [MainThread]: SQL status: SELECT 1 in 0.011 seconds
[0m09:42:01.200517 [debug] [MainThread]: On debug: Close
[0m09:42:01.200776 [info ] [MainThread]:   Connection test: [[32mOK connection ok[0m]

[0m09:42:01.201046 [info ] [MainThread]: [32mAll checks passed![0m
[0m09:42:01.201338 [info ] [MainThread]: Your new dbt project "absenteismo_dbt" was created!
Initialized new project in /home/marilia/projetos/absenteismo/absenteismo_dbt/absenteismo_dbt

For more information on how to configure the profiles.yml file,
please consult the dbt documentation here:

  https://docs.getdbt.com/docs/configure-your-profile

One more thing:

Need help? Don't hesitate to reach out to us via GitHub issues or on Slack:

  https://community.getdbt.com/

Happy modeling!

[0m09:42:01.203064 [debug] [MainThread]: Resource report: {"command_name": "init", "command_success": true, "command_wall_clock_time": 77.89753, "process_in_blocks": "126192", "process_kernel_time": 0.174655, "process_mem_max_rss": "136708", "process_out_blocks": "96", "process_user_time": 1.03981}
[0m09:42:01.203390 [debug] [MainThread]: Command `dbt init` succeeded at 09:42:01.203321 after 77.90 seconds
[0m09:42:01.203573 [debug] [MainThread]: Connection 'debug' was properly closed.
[0m09:42:01.203764 [debug] [MainThread]: Sending event: {'category': 'dbt', 'action': 'invocation', 'label': 'end', 'context': [<snowplow_tracker.self_describing_json.SelfDescribingJson object at 0x751ddbc15f30>, <snowplow_tracker.self_describing_json.SelfDescribingJson object at 0x751ddb883ad0>, <snowplow_tracker.self_describing_json.SelfDescribingJson object at 0x751ddab8d9d0>]}
[0m09:42:01.203994 [debug] [MainThread]: Flushing usage events
[0m09:42:01.782088 [debug] [MainThread]: An error was encountered while trying to flush usage events
